// Jest Snapshot v1, https://goo.gl/fbAQLP

exports[`Basic Progress 1`] = `
.c1 {
  height: 1rem;
  line-height: 1rem;
  color: #fff;
  background-color: #007bff;
  -webkit-transition: all .2s ease-in-out;
  transition: all .2s ease-in-out;
}

.c0 {
  display: -webkit-box;
  display: -webkit-flex;
  display: -ms-flexbox;
  display: flex;
  overflow: hidden;
  font-size: .75rem;
  line-height: 1rem;
  text-align: center;
  background-color: #e9ecef;
  border-radius: .25rem;
}

<div
  className="c0"
>
  <div
    className="c1"
    role="progressbar"
    width={undefined}
  />
</div>
`;
